<?xml version="1.0" encoding="UTF-8" ?>
<testsuites name="vitest tests" tests="6" failures="0" errors="0" time="0.341">
    <testsuite name="blocks/cards/cards.test.js" timestamp="2025-04-23T13:47:56.813Z" hostname="Harshs-MacBook-Pro-5.local" tests="6" failures="0" errors="0" skipped="0" time="0.013">
        <testcase classname="blocks/cards/cards.test.js" name="Cards Block &gt; handles default cards by converting to ul/li structure" time="0.008">
        </testcase>
        <testcase classname="blocks/cards/cards.test.js" name="Cards Block &gt; fetches data for roo-tales cards" time="0.002">
        </testcase>
        <testcase classname="blocks/cards/cards.test.js" name="Cards Block &gt; fetches data for new-galleries cards" time="0">
        </testcase>
        <testcase classname="blocks/cards/cards.test.js" name="Cards Block &gt; fetches data for teaser cards" time="0.002">
        </testcase>
        <testcase classname="blocks/cards/cards.test.js" name="Cards Block &gt; handles fetch errors gracefully for roo-tales" time="0.001">
        </testcase>
        <testcase classname="blocks/cards/cards.test.js" name="Cards Block &gt; handles fetch errors gracefully for new-galleries" time="0">
        </testcase>
    </testsuite>
</testsuites>
